12:54:37 **** Incremental Build of configuration Debug for project TelemNode-Firmware-FE11 ****
make -j11 all 
arm-none-eabi-gcc "../Core/Src/telem_node.c" -mcpu=cortex-m3 -std=gnu11 -g3 -DDEBUG -DUSE_HAL_DRIVER -DSTM32F103xB -c -I../Core/Inc -I../Drivers/STM32F1xx_HAL_Driver/Inc/Legacy -I../Drivers/STM32F1xx_HAL_Driver/Inc -I../Drivers/CMSIS/Device/ST/STM32F1xx/Include -I../Drivers/CMSIS/Include -O0 -ffunction-sections -fdata-sections -Wall -fstack-usage -fcyclomatic-complexity -MMD -MP -MF"Core/Src/telem_node.d" -MT"Core/Src/telem_node.o" --specs=nano.specs -mfloat-abi=soft -mthumb -o "Core/Src/telem_node.o"
arm-none-eabi-gcc -o "TelemNode-Firmware-FE11.elf" @"objects.list"   -mcpu=cortex-m3 -T"/Users/zewenj/Documents/GitHub/TelemNode-Firmware-FE11/TelemNode-Firmware-FE11/STM32F103C8TX_FLASH.ld" --specs=nosys.specs -Wl,-Map="TelemNode-Firmware-FE11.map" -Wl,--gc-sections -static --specs=nano.specs -mfloat-abi=soft -mthumb -Wl,--start-group -lc -lm -Wl,--end-group
Finished building target: TelemNode-Firmware-FE11.elf
 
arm-none-eabi-size  TelemNode-Firmware-FE11.elf 
arm-none-eabi-objdump -h -S TelemNode-Firmware-FE11.elf  > "TelemNode-Firmware-FE11.list"
   text	   data	    bss	    dec	    hex	filename
  20804	     20	   1908	  22732	   58cc	TelemNode-Firmware-FE11.elf
Finished building: default.size.stdout
 
Finished building: TelemNode-Firmware-FE11.list
 
12:54:47 **** Incremental Build of configuration Debug for project TelemNode-Firmware-FE11 ****
make -j11 all 
arm-none-eabi-size  TelemNode-Firmware-FE11.elf 
   text	   data	    bss	    dec	    hex	filename
  20804	     20	   1908	  22732	   58cc	TelemNode-Firmware-FE11.elf
Finished building: default.size.stdout
 
